// Jest Snapshot v1, https://goo.gl/fbAQLP

exports[`NonfungiblePositionManager #burn gas 1`] = `66076`;

exports[`NonfungiblePositionManager #collect gas transfers both 1`] = `133375`;

exports[`NonfungiblePositionManager #collect gas transfers token0 only 1`] = `124144`;

exports[`NonfungiblePositionManager #collect gas transfers token1 only 1`] = `124351`;

exports[`NonfungiblePositionManager #createAndInitializePoolIfNecessary gas 1`] = `3684985`;

exports[`NonfungiblePositionManager #decreaseLiquidity gas complete decrease 1`] = `154125`;

exports[`NonfungiblePositionManager #decreaseLiquidity gas partial decrease 1`] = `167934`;

exports[`NonfungiblePositionManager #increaseLiquidity gas 1`] = `221637`;

exports[`NonfungiblePositionManager #mint gas first mint for pool 1`] = `668958`;

exports[`NonfungiblePositionManager #mint gas first mint for pool using eth with non-zero refund 1`] = `675819`;

exports[`NonfungiblePositionManager #mint gas first mint for pool using eth with zero refund 1`] = `668594`;

exports[`NonfungiblePositionManager #mint gas mint for same pool, different ticks 1`] = `497045`;

exports[`NonfungiblePositionManager #mint gas mint on same ticks 1`] = `389668`;

exports[`NonfungiblePositionManager #permit owned by eoa gas 1`] = `64534`;

exports[`NonfungiblePositionManager #permit owned by verifying contract gas 1`] = `68331`;

exports[`NonfungiblePositionManager #positions gas 1`] = `19890`;

exports[`NonfungiblePositionManager #transferFrom gas 1`] = `109691`;

exports[`NonfungiblePositionManager #transferFrom gas comes from approved 1`] = `108291`;

exports[`NonfungiblePositionManager bytecode size 1`] = `24319`;

exports[`NonfungiblePositionManager multicall exit gas 1`] = `243464`;
