// Jest Snapshot v1, https://goo.gl/fbAQLP

exports[`Dex223Factory #createPool gas 1`] = `3628697`;

exports[`Dex223Factory factory bytecode size 1`] = `22290`;

exports[`Dex223Factory pool bytecode size 1`] = `15745`;
