// Jest Snapshot v1, https://goo.gl/fbAQLP

exports[`#fees when price is above the position range gas 1`] = `48174`;

exports[`#fees when price is below the position range gas 1`] = `48142`;

exports[`#fees when price is within the position range gas 1`] = `53838`;

exports[`#principal gas 1`] = `23190`;

exports[`#total gas 1`] = `60588`;
